[www.writershub.org/index.html]
[backblue.gif]
[fade.gif]
[index.html]
[www.google-analytics.com/analytics.js]
[d3ac62k72pre6z.cloudfront.net/assets/application-6012f316a39592bbb7cac03e4eeba182868bf406597f2172f1b10d6bfac2b061.css]
[d3ac62k72pre6z.cloudfront.net/assets/logo-b8c25d1d7d5ade9aa6cf564da1440e49d5635702576179aaedde489fdc68d609.png]
[www.writershub.org/how-it-works.html]
[www.writershub.org/writers/new.html]
[www.writershub.org/about.html]
[www.writershub.org/faq.html]
[www.writershub.org/contacts.html]
[www.writershub.org/auth/session/new.html]
[3-wh-s3exgvhhkfxwpk9lerxczk.s3.us-west-2.amazonaws.com/uploads/cover/12875/cover_banner3.jpg]
[3-wh-s3exgvhhkfxwpk9lerxczk.s3.us-west-2.amazonaws.com/uploads/cover/12879/cover_banner1.jpg]
[3-wh-s3exgvhhkfxwpk9lerxczk.s3.us-west-2.amazonaws.com/uploads/cover/12880/cover_banner2.jpg]
[www.writershub.org/assets/benefit1.png]
[www.writershub.org/assets/benefit2.png]
[www.writershub.org/assets/benefit3.png]
[www.writershub.org/assets/benefit4.png]
[www.writershub.org/assets/benefit5.png]
[d3ac62k72pre6z.cloudfront.net/assets/how_it_works/full-ba2a4442ccb166c865f3fae8860e2ad1072fd9fa450497d622abc668a3ca15f3.png]
[3-wh-s3exgvhhkfxwpk9lerxczk.s3.us-west-2.amazonaws.com/uploads/testimonial_pic/924087/thumb_image.png]
[www.writershub.org/testimonials.html]
[3-wh-s3exgvhhkfxwpk9lerxczk.s3.us-west-2.amazonaws.com/uploads/testimonial_pic/924083/thumb_image_2.png]
[3-wh-s3exgvhhkfxwpk9lerxczk.s3.us-west-2.amazonaws.com/uploads/testimonial_pic/924088/thumb_writer_1.png]
[3-wh-s3exgvhhkfxwpk9lerxczk.s3.us-west-2.amazonaws.com/uploads/testimonial_pic/924094/thumb_writer_3.png]
[3-wh-s3exgvhhkfxwpk9lerxczk.s3.us-west-2.amazonaws.com/uploads/testimonial_pic/924098/thumb_writer_4.png]
[3-wh-s3exgvhhkfxwpk9lerxczk.s3.us-west-2.amazonaws.com/uploads/testimonial_pic/926054/thumb_0930.jpg]
[3-wh-s3exgvhhkfxwpk9lerxczk.s3.us-west-2.amazonaws.com/uploads/testimonial_pic/924090/thumb_writer_2.png]
[3-wh-s3exgvhhkfxwpk9lerxczk.s3.us-west-2.amazonaws.com/uploads/testimonial_pic/482329/thumb_testimonials_picture.png]
[3-wh-s3exgvhhkfxwpk9lerxczk.s3.us-west-2.amazonaws.com/uploads/testimonial_pic/361239/thumb_kim__technical_writer.png]
[3-wh-s3exgvhhkfxwpk9lerxczk.s3.us-west-2.amazonaws.com/uploads/testimonial_pic/361051/thumb_tech_writer.png]
[www.writershub.org/neuroscience-of-writing.html]
[www.writershub.org/5-writing-tips-grab-readers-attention.html]
[www.writershub.org/imposter-syndrome.html]
[www.writershub.org/terms.html]
[www.writershub.org/index.html]
[d3ac62k72pre6z.cloudfront.net/assets/live_chat_ico.png]
[d3ac62k72pre6z.cloudfront.net/assets/application-722324dc40f79feabdfa121b53a4370c968be231dbc8edd3c0b1bff28109b30d.js]
[d3ac62k72pre6z.cloudfront.net/assets/skype_ico.png]
[d3ac62k72pre6z.cloudfront.net/assets/phone_ico.png]
[d3ac62k72pre6z.cloudfront.net/assets/email_ico.png]
[d3ac62k72pre6z.cloudfront.net/assets/video_play.png]
[d3ac62k72pre6z.cloudfront.net/assets/tooltip.png]
[d3ac62k72pre6z.cloudfront.net/assets/popup_bg.png]
[d3ac62k72pre6z.cloudfront.net/assets/close.png]
[d3ac62k72pre6z.cloudfront.net/assets/chat_check.png]
[d3ac62k72pre6z.cloudfront.net/assets/carousel_arrow_left.png]
[d3ac62k72pre6z.cloudfront.net/assets/carousel_arrow_right.png]
[d3ac62k72pre6z.cloudfront.net/assets/writters_online_ico.png]
[d3ac62k72pre6z.cloudfront.net/assets/papers_ico.png]
[d3ac62k72pre6z.cloudfront.net/assets/progress_ico.png]
[d3ac62k72pre6z.cloudfront.net/assets/main_banner_arrows.png]
[d3ac62k72pre6z.cloudfront.net/assets/benefits_title_ico.png]
[d3ac62k72pre6z.cloudfront.net/assets/context_icons.png]
[d3ac62k72pre6z.cloudfront.net/assets/category_icons.png]
[d3ac62k72pre6z.cloudfront.net/assets/steps_icons.png]
[d3ac62k72pre6z.cloudfront.net/assets/check_red.png]
[d3ac62k72pre6z.cloudfront.net/assets/why_icon.png]
[d3ac62k72pre6z.cloudfront.net/assets/urgent_title.png]
[d3ac62k72pre6z.cloudfront.net/assets/left_active.png]
[d3ac62k72pre6z.cloudfront.net/assets/right_active.png]
[d3ac62k72pre6z.cloudfront.net/assets/search_icon.png]
[d3ac62k72pre6z.cloudfront.net/assets/stats_icon.png]
[d3ac62k72pre6z.cloudfront.net/assets/stat_icons.png]
[d3ac62k72pre6z.cloudfront.net/assets/attention_icon.png]
[d3ac62k72pre6z.cloudfront.net/assets/tests_icons.png]
[d3ac62k72pre6z.cloudfront.net/assets/tooltip_test.png]
[d3ac62k72pre6z.cloudfront.net/assets/progress.png]
[d3ac62k72pre6z.cloudfront.net/assets/finish_icon.png]
[d3ac62k72pre6z.cloudfront.net/assets/tests_info_arrow.png]
[d3ac62k72pre6z.cloudfront.net/assets/hours_close.png]
[d3ac62k72pre6z.cloudfront.net/assets/sprite.png]
[d3ac62k72pre6z.cloudfront.net/assets/bg-input.png]
[d3ac62k72pre6z.cloudfront.net/assets/bg-input-focus.png]
[d3ac62k72pre6z.cloudfront.net/assets/badges/hidden_order.png]
[d3ac62k72pre6z.cloudfront.net/assets/badges/visible_order.png]
[d3ac62k72pre6z.cloudfront.net/assets/my_files_bad.png]
[d3ac62k72pre6z.cloudfront.net/assets/contacts_banner-c85aada8ad1384872c9a03ef808584d5433669fa023297045ca9346624c37b6b.jpg]
[d3ac62k72pre6z.cloudfront.net/assets/important_icon-cb7895b66ea875341cd4bdd25aa4c45fa18b0697b00e4987e7698d4f52a1740b.png]
[d3ac62k72pre6z.cloudfront.net/assets/delete_file.png]
[d3ac62k72pre6z.cloudfront.net/assets/uploader/file_preloader.gif]
[d3ac62k72pre6z.cloudfront.net/assets/delete_file_silver.png]
[d3ac62k72pre6z.cloudfront.net/assets/calendar_arrows.png]
[d3ac62k72pre6z.cloudfront.net/assets/cabinet_tooltip.png]
[d3ac62k72pre6z.cloudfront.net/assets/user_arrow.png]
[d3ac62k72pre6z.cloudfront.net/assets/badges/high_priority.png]
[d3ac62k72pre6z.cloudfront.net/assets/badges/my_subject.png]
[d3ac62k72pre6z.cloudfront.net/assets/badges/urgency.png]
[d3ac62k72pre6z.cloudfront.net/assets/badges/preferred_writer.png]
[d3ac62k72pre6z.cloudfront.net/assets/badges/draft_required.png]
[d3ac62k72pre6z.cloudfront.net/assets/badges/revision.png]
[d3ac62k72pre6z.cloudfront.net/assets/sort_by_icons.png]
[d3ac62k72pre6z.cloudfront.net/assets/badges/preferred_by_customer.png]
[d3ac62k72pre6z.cloudfront.net/assets/feature_draft-ed11b568fb7c08aa75ca959d8165077c005bc265f7e561e6f120dccfe7393a3f.png]
[d3ac62k72pre6z.cloudfront.net/assets/feature_summary-d613a8bd6ae8864fb8c00110310e4369c00371ba0266cd9a0d244d23ff5198f9.png]
[d3ac62k72pre6z.cloudfront.net/assets/customer_file.png]
[d3ac62k72pre6z.cloudfront.net/assets/my_files.png]
[d3ac62k72pre6z.cloudfront.net/assets/chat_field_icon.png]
[d3ac62k72pre6z.cloudfront.net/assets/badges/urgency-e9fad74e9a9dc003785765bbf76e864974bc8ef8813533e9fcdd983d28b5e2a3.png]
[d3ac62k72pre6z.cloudfront.net/assets/search_ico.png]
[d3ac62k72pre6z.cloudfront.net/assets/progress_bar.png]
[d3ac62k72pre6z.cloudfront.net/assets/progress_line.png]
[d3ac62k72pre6z.cloudfront.net/assets/progress_point.png]
[d3ac62k72pre6z.cloudfront.net/assets/important_icon.png]
[d3ac62k72pre6z.cloudfront.net/assets/guide_title_arrow.png]
[d3ac62k72pre6z.cloudfront.net/assets/files_download.png]
[d3ac62k72pre6z.cloudfront.net/assets/button_view_icon.png]
[d3ac62k72pre6z.cloudfront.net/assets/btn_download_icon.png]
[d3ac62k72pre6z.cloudfront.net/assets/btn_view_icon.png]
[d3ac62k72pre6z.cloudfront.net/assets/table_download_icon.png]
[d3ac62k72pre6z.cloudfront.net/assets/file_icon-fd440f0e2ecc33fbef7867aeca3bc4f5abe11a6ad7d68c3b41549abe71f190b1.svg]
[d3ac62k72pre6z.cloudfront.net/assets/application-6012f316a39592bbb7cac03e4eeba182868bf406597f2172f1b10d6bfac2b061.css]
[d3ac62k72pre6z.cloudfront.net/assets/refresh-cfc8950ccb5af7ddff164ba10afec62644822031265ada655b22ae6ff661aa52.svg]
[img.youtube.com/vi/9uu4aEBYv-w/0.jpg]
[www.writershub.org/how-it-works.html]
[www.writershub.org/writers/new.html]
[d3ac62k72pre6z.cloudfront.net/assets/about_info-87f32238223b908bc47be3addc486fc0480153e8e5443e179d4025fddb142cf9.jpg]
[3-wh-s3exgvhhkfxwpk9lerxczk.s3.us-west-2.amazonaws.com/uploads/avatar/12900/support_girl_3.png]
[3-wh-s3exgvhhkfxwpk9lerxczk.s3.us-west-2.amazonaws.com/uploads/avatar/12897/quality_girl_5.png]
[3-wh-s3exgvhhkfxwpk9lerxczk.s3.us-west-2.amazonaws.com/uploads/avatar/12899/tech_director.png]
[3-wh-s3exgvhhkfxwpk9lerxczk.s3.us-west-2.amazonaws.com/uploads/avatar/12898/Mia_Wallbridge.png]
[www.writershub.org/writers/newfd09.html]
[www.writershub.org/about.html]
[www.writershub.org/faq.html]
[www.writershub.org/contacts.html]
[www.writershub.org/writers/newb611.html]
[www.writershub.org/auth/session/new.html]
[www.writershub.org/auth/password/new.html]
[www.writershub.org/testimonials.html]
[www.writershub.org/testimonials/p/2.html]
[www.writershub.org/uploads/ckeditor/pictures/12/neurocap.jpg]
[www.writershub.org/uploads/ckeditor/pictures/11/rule-of-thirds.jpg]
[www.writershub.org/uploads/ckeditor/pictures/10/cause.jpg]
[www.writershub.org/uploads/ckeditor/pictures/7/molesmall2.jpg]
[www.writershub.org/neuroscience-of-writing.html]
[www.writershub.org/uploads/ckeditor/pictures/13/the_art_of_reading.jpg]
[www.writershub.org/5-writing-tips-grab-readers-attention.html]
[www.writershub.org/uploads/ckeditor/pictures/14/imposter.jpg]
[www.writershub.org/imposter-syndrome.html]
[www.writershub.org/terms.html]
[d3ac62k72pre6z.cloudfront.net/assets/owl.video.play.html]
[d3ac62k72pre6z.cloudfront.net/assets/file_icon-fd440f0e2ecc33fbef7867aeca3bc4f5abe11a6ad7d68c3b41549abe71f190b1.svg]
[d3ac62k72pre6z.cloudfront.net/assets/refresh-cfc8950ccb5af7ddff164ba10afec62644822031265ada655b22ae6ff661aa52.svg]
[www.writershub.org/writers/newfd09.html]
[www.writershub.org/writers/newb611.html]
[www.writershub.org/auth/password/new.html]
[3-wh-s3exgvhhkfxwpk9lerxczk.s3.us-west-2.amazonaws.com/uploads/testimonial_pic/361251/thumb_image.png]
[3-wh-s3exgvhhkfxwpk9lerxczk.s3.us-west-2.amazonaws.com/uploads/testimonial_pic/361246/thumb_image.png]
[3-wh-s3exgvhhkfxwpk9lerxczk.s3.us-west-2.amazonaws.com/uploads/testimonial_pic/361030/thumb_irish_guy.png]
[3-wh-s3exgvhhkfxwpk9lerxczk.s3.us-west-2.amazonaws.com/uploads/testimonial_pic/12867/thumb_Ahahit.png]
[3-wh-s3exgvhhkfxwpk9lerxczk.s3.us-west-2.amazonaws.com/uploads/testimonial_pic/12868/thumb_Sam.png]
[3-wh-s3exgvhhkfxwpk9lerxczk.s3.us-west-2.amazonaws.com/uploads/testimonial_pic/12869/thumb_Angelina.png]
[3-wh-s3exgvhhkfxwpk9lerxczk.s3.us-west-2.amazonaws.com/uploads/testimonial_pic/12870/thumb_Nelson.png]
[3-wh-s3exgvhhkfxwpk9lerxczk.s3.us-west-2.amazonaws.com/uploads/testimonial_pic/12871/thumb_Shawn.png]
[3-wh-s3exgvhhkfxwpk9lerxczk.s3.us-west-2.amazonaws.com/uploads/testimonial_pic/12872/thumb_Kaylie.png]
[3-wh-s3exgvhhkfxwpk9lerxczk.s3.us-west-2.amazonaws.com/uploads/testimonial_pic/12876/thumb_Brooke.png]
[www.writershub.org/testimonials/p/2.html]
[www.writershub.org/testimonials/p/3.html]
[3-wh-s3exgvhhkfxwpk9lerxczk.s3.us-west-2.amazonaws.com/uploads/testimonial_pic/12877/thumb_Kenny.png]
[3-wh-s3exgvhhkfxwpk9lerxczk.s3.us-west-2.amazonaws.com/uploads/testimonial_pic/12878/thumb_Subhan.png]
[www.writershub.org/testimonials/p/3.html]
